limbo.are
testshrine.are
mtcim.are
plains.are
antava.are
southroad1.are
southroad2.are
southroad3.are
gehirvalley.are
melcene.are
caelumaedan.are
hitower.are
tahlu.are
sarloth.are
catacomb.are
cimsewer.are
cimar.are
alpine.are
skills.are
eastroad.are
minotaur.are
sidhe.are
elvenstronghold.are
thalos.are
mausoleum.are
sewer.are
ilopheth.are
pineforest.are
gannyte.are
dragtower.are
koteras.are
cantrev.are
duergarmines.are
rivenroc.are
dale.are
mythruins.are
rakshasa.are
beholder.are
crimson.are
naiadsea.are
obsidian.are
emerald.are
ruins.are
naiadia.are
dagdan.are
arangird.are
varggin.are
mythforest.are
caverns.are
redtwr.are
bluetwr.are
greentwr.are
bounty.are
horde.are
scionenclave.are
common.are
regal.are
glasstower.are
phalanx.are
deadforest.are
dying.are
kotiselroad.are
meliselroad.are
melplaroad.are
melcimroad.are
iseldalroad.are
iselvarroad.are
academy.are
koboldmines.are
iceland.are
glimmeringforest.are
sywilm.are
waekath.are
tribalcaves.are
mountpath.are
falldesert.are
shrines.are
social.are
$
